###############################################################################
#
# IAR ELF Linker V8.22.2.15995/W32 for ARM                29/Nov/2020  19:36:20
# Copyright 2007-2018 IAR Systems AB.
#
#    Output file  =  
#        C:\Users\xhh\Documents\CUBE-EXAMPLE\STM32F3-DISCOVERY-NONSTATIC\EWARM\STM32F3-DISCOVERY-NONSTATIC\Exe\STM32F3-DISCOVERY-NONSTATIC.out
#    Map file     =  
#        C:\Users\xhh\Documents\CUBE-EXAMPLE\STM32F3-DISCOVERY-NONSTATIC\EWARM\STM32F3-DISCOVERY-NONSTATIC\List\STM32F3-DISCOVERY-NONSTATIC.map
#    Command line =  
#        -f C:\Users\xhh\AppData\Local\Temp\EW521B.tmp
#        (C:\Users\xhh\Documents\CUBE-EXAMPLE\STM32F3-DISCOVERY-NONSTATIC\EWARM\STM32F3-DISCOVERY-NONSTATIC\Obj\cmsis_os.o
#        C:\Users\xhh\Documents\CUBE-EXAMPLE\STM32F3-DISCOVERY-NONSTATIC\EWARM\STM32F3-DISCOVERY-NONSTATIC\Obj\croutine.o
#        C:\Users\xhh\Documents\CUBE-EXAMPLE\STM32F3-DISCOVERY-NONSTATIC\EWARM\STM32F3-DISCOVERY-NONSTATIC\Obj\event_groups.o
#        C:\Users\xhh\Documents\CUBE-EXAMPLE\STM32F3-DISCOVERY-NONSTATIC\EWARM\STM32F3-DISCOVERY-NONSTATIC\Obj\freertos.o
#        C:\Users\xhh\Documents\CUBE-EXAMPLE\STM32F3-DISCOVERY-NONSTATIC\EWARM\STM32F3-DISCOVERY-NONSTATIC\Obj\heap_1.o
#        C:\Users\xhh\Documents\CUBE-EXAMPLE\STM32F3-DISCOVERY-NONSTATIC\EWARM\STM32F3-DISCOVERY-NONSTATIC\Obj\list.o
#        C:\Users\xhh\Documents\CUBE-EXAMPLE\STM32F3-DISCOVERY-NONSTATIC\EWARM\STM32F3-DISCOVERY-NONSTATIC\Obj\main.o
#        C:\Users\xhh\Documents\CUBE-EXAMPLE\STM32F3-DISCOVERY-NONSTATIC\EWARM\STM32F3-DISCOVERY-NONSTATIC\Obj\port.o
#        C:\Users\xhh\Documents\CUBE-EXAMPLE\STM32F3-DISCOVERY-NONSTATIC\EWARM\STM32F3-DISCOVERY-NONSTATIC\Obj\portasm.o
#        C:\Users\xhh\Documents\CUBE-EXAMPLE\STM32F3-DISCOVERY-NONSTATIC\EWARM\STM32F3-DISCOVERY-NONSTATIC\Obj\queue.o
#        C:\Users\xhh\Documents\CUBE-EXAMPLE\STM32F3-DISCOVERY-NONSTATIC\EWARM\STM32F3-DISCOVERY-NONSTATIC\Obj\startup_stm32f303xc.o
#        C:\Users\xhh\Documents\CUBE-EXAMPLE\STM32F3-DISCOVERY-NONSTATIC\EWARM\STM32F3-DISCOVERY-NONSTATIC\Obj\stm32f3xx_hal.o
#        C:\Users\xhh\Documents\CUBE-EXAMPLE\STM32F3-DISCOVERY-NONSTATIC\EWARM\STM32F3-DISCOVERY-NONSTATIC\Obj\stm32f3xx_hal_cortex.o
#        C:\Users\xhh\Documents\CUBE-EXAMPLE\STM32F3-DISCOVERY-NONSTATIC\EWARM\STM32F3-DISCOVERY-NONSTATIC\Obj\stm32f3xx_hal_dma.o
#        C:\Users\xhh\Documents\CUBE-EXAMPLE\STM32F3-DISCOVERY-NONSTATIC\EWARM\STM32F3-DISCOVERY-NONSTATIC\Obj\stm32f3xx_hal_exti.o
#        C:\Users\xhh\Documents\CUBE-EXAMPLE\STM32F3-DISCOVERY-NONSTATIC\EWARM\STM32F3-DISCOVERY-NONSTATIC\Obj\stm32f3xx_hal_flash.o
#        C:\Users\xhh\Documents\CUBE-EXAMPLE\STM32F3-DISCOVERY-NONSTATIC\EWARM\STM32F3-DISCOVERY-NONSTATIC\Obj\stm32f3xx_hal_flash_ex.o
#        C:\Users\xhh\Documents\CUBE-EXAMPLE\STM32F3-DISCOVERY-NONSTATIC\EWARM\STM32F3-DISCOVERY-NONSTATIC\Obj\stm32f3xx_hal_gpio.o
#        C:\Users\xhh\Documents\CUBE-EXAMPLE\STM32F3-DISCOVERY-NONSTATIC\EWARM\STM32F3-DISCOVERY-NONSTATIC\Obj\stm32f3xx_hal_i2c.o
#        C:\Users\xhh\Documents\CUBE-EXAMPLE\STM32F3-DISCOVERY-NONSTATIC\EWARM\STM32F3-DISCOVERY-NONSTATIC\Obj\stm32f3xx_hal_i2c_ex.o
#        C:\Users\xhh\Documents\CUBE-EXAMPLE\STM32F3-DISCOVERY-NONSTATIC\EWARM\STM32F3-DISCOVERY-NONSTATIC\Obj\stm32f3xx_hal_msp.o
#        C:\Users\xhh\Documents\CUBE-EXAMPLE\STM32F3-DISCOVERY-NONSTATIC\EWARM\STM32F3-DISCOVERY-NONSTATIC\Obj\stm32f3xx_hal_pcd.o
#        C:\Users\xhh\Documents\CUBE-EXAMPLE\STM32F3-DISCOVERY-NONSTATIC\EWARM\STM32F3-DISCOVERY-NONSTATIC\Obj\stm32f3xx_hal_pcd_ex.o
#        C:\Users\xhh\Documents\CUBE-EXAMPLE\STM32F3-DISCOVERY-NONSTATIC\EWARM\STM32F3-DISCOVERY-NONSTATIC\Obj\stm32f3xx_hal_pwr.o
#        C:\Users\xhh\Documents\CUBE-EXAMPLE\STM32F3-DISCOVERY-NONSTATIC\EWARM\STM32F3-DISCOVERY-NONSTATIC\Obj\stm32f3xx_hal_pwr_ex.o
#        C:\Users\xhh\Documents\CUBE-EXAMPLE\STM32F3-DISCOVERY-NONSTATIC\EWARM\STM32F3-DISCOVERY-NONSTATIC\Obj\stm32f3xx_hal_rcc.o
#        C:\Users\xhh\Documents\CUBE-EXAMPLE\STM32F3-DISCOVERY-NONSTATIC\EWARM\STM32F3-DISCOVERY-NONSTATIC\Obj\stm32f3xx_hal_rcc_ex.o
#        C:\Users\xhh\Documents\CUBE-EXAMPLE\STM32F3-DISCOVERY-NONSTATIC\EWARM\STM32F3-DISCOVERY-NONSTATIC\Obj\stm32f3xx_hal_spi.o
#        C:\Users\xhh\Documents\CUBE-EXAMPLE\STM32F3-DISCOVERY-NONSTATIC\EWARM\STM32F3-DISCOVERY-NONSTATIC\Obj\stm32f3xx_hal_spi_ex.o
#        C:\Users\xhh\Documents\CUBE-EXAMPLE\STM32F3-DISCOVERY-NONSTATIC\EWARM\STM32F3-DISCOVERY-NONSTATIC\Obj\stm32f3xx_hal_tim.o
#        C:\Users\xhh\Documents\CUBE-EXAMPLE\STM32F3-DISCOVERY-NONSTATIC\EWARM\STM32F3-DISCOVERY-NONSTATIC\Obj\stm32f3xx_hal_tim_ex.o
#        C:\Users\xhh\Documents\CUBE-EXAMPLE\STM32F3-DISCOVERY-NONSTATIC\EWARM\STM32F3-DISCOVERY-NONSTATIC\Obj\stm32f3xx_it.o
#        C:\Users\xhh\Documents\CUBE-EXAMPLE\STM32F3-DISCOVERY-NONSTATIC\EWARM\STM32F3-DISCOVERY-NONSTATIC\Obj\stm32f3xx_ll_usb.o
#        C:\Users\xhh\Documents\CUBE-EXAMPLE\STM32F3-DISCOVERY-NONSTATIC\EWARM\STM32F3-DISCOVERY-NONSTATIC\Obj\stream_buffer.o
#        C:\Users\xhh\Documents\CUBE-EXAMPLE\STM32F3-DISCOVERY-NONSTATIC\EWARM\STM32F3-DISCOVERY-NONSTATIC\Obj\system_stm32f3xx.o
#        C:\Users\xhh\Documents\CUBE-EXAMPLE\STM32F3-DISCOVERY-NONSTATIC\EWARM\STM32F3-DISCOVERY-NONSTATIC\Obj\tasks.o
#        C:\Users\xhh\Documents\CUBE-EXAMPLE\STM32F3-DISCOVERY-NONSTATIC\EWARM\STM32F3-DISCOVERY-NONSTATIC\Obj\timers.o
#        --redirect _Printf=_PrintfFull --redirect _Scanf=_ScanfFull -o
#        C:\Users\xhh\Documents\CUBE-EXAMPLE\STM32F3-DISCOVERY-NONSTATIC\EWARM\STM32F3-DISCOVERY-NONSTATIC\Exe\STM32F3-DISCOVERY-NONSTATIC.out
#        --map
#        C:\Users\xhh\Documents\CUBE-EXAMPLE\STM32F3-DISCOVERY-NONSTATIC\EWARM\STM32F3-DISCOVERY-NONSTATIC\List\STM32F3-DISCOVERY-NONSTATIC.map
#        --config
#        C:\Users\xhh\Documents\CUBE-EXAMPLE\STM32F3-DISCOVERY-NONSTATIC\EWARM/stm32f303xc_flash.icf
#        --semihosting --entry __iar_program_start --vfe --text_out locale)
#
###############################################################################

*******************************************************************************
*** RUNTIME MODEL ATTRIBUTES
***

CppFlavor       = *
__SystemLibrary = DLib
__dlib_version  = 6


*******************************************************************************
*** HEAP SELECTION
***

The basic heap was selected because no calls to memory allocation
functions were found in the application outside of system library
functions, and there are calls to deallocation functions in the
application.


*******************************************************************************
*** PLACEMENT SUMMARY
***

"A0":  place at 0x08000000 { ro section .intvec };
"P1":  place in [from 0x08000000 to 0x0803ffff] { ro };
define block CSTACK with size = 1K, alignment = 8 { };
define block HEAP with size = 512, alignment = 8 { };
"P2":  place in [from 0x20000000 to 0x20009fff] {
          rw, block CSTACK, block HEAP };
initialize by copy { rw };

  Section            Kind        Address    Size  Object
  -------            ----        -------    ----  ------
"A0":                                      0x188
  .intvec            ro code  0x08000000   0x188  startup_stm32f303xc.o [1]
                            - 0x08000188   0x188

"P1":                                     0x2c68
  .text              ro code  0x08000188   0xa5c  stm32f3xx_hal_rcc.o [1]
  .text              ro code  0x08000be4     0xc  stm32f3xx_hal.o [1]
  .text              ro code  0x08000bf0    0x4c  stm32f3xx_hal.o [1]
  .text              ro code  0x08000c3c   0x12c  stm32f3xx_hal_cortex.o [1]
  .text              ro code  0x08000d68   0x88c  tasks.o [1]
  .text              ro code  0x080015f4    0x88  heap_1.o [1]
  .text              ro code  0x0800167c    0x9a  list.o [1]
  .text              ro code  0x08001718   0x22c  port.o [1]
  .text              ro code  0x08001944    0x18  freertos.o [1]
  CODE               ro code  0x0800195c    0xb0  portasm.o [1]
  .text              ro code  0x08001a0c   0x4ac  main.o [1]
  .text              ro code  0x08001eb8   0x1f8  stm32f3xx_hal_gpio.o [1]
  .text              ro code  0x080020b0    0x28  stm32f3xx_hal.o [1]
  .text              ro code  0x080020d8    0x86  ABImemcpy.o [5]
  .text              ro code  0x08002160    0x9c  cmsis_os.o [1]
  .text              ro code  0x080021fc     0x6  ABImemclr4.o [5]
  .text              ro code  0x08002204   0x2d0  stm32f3xx_hal_rcc_ex.o [1]
  .text              ro code  0x080024d4    0xcc  stm32f3xx_hal_i2c.o [1]
  .text              ro code  0x080025a0    0xc6  stm32f3xx_hal_i2c_ex.o [1]
  .text              ro code  0x08002668    0xd4  stm32f3xx_hal_spi.o [1]
  .text              ro code  0x0800273c   0x154  stm32f3xx_hal_pcd.o [1]
  .text              ro code  0x08002890   0x18c  stm32f3xx_hal_msp.o [1]
  .text              ro code  0x08002a1c    0x32  ABImemset48.o [5]
  .text              ro code  0x08002a4e    0x36  stm32f3xx_ll_usb.o [1]
  .text              ro code  0x08002a84    0x40  zero_init3.o [5]
  .text              ro code  0x08002ac4    0x38  packbits_init_single.o [5]
  .text              ro code  0x08002afc    0x28  data_init.o [5]
  .text              ro code  0x08002b24    0x22  fpinit_M.o [4]
  .iar.init_table    const    0x08002b48    0x20  - Linker created -
  .text              ro code  0x08002b68    0x20  stm32f3xx_it.o [1]
  .text              ro code  0x08002b88    0x18  stm32f3xx_hal.o [1]
  .text              ro code  0x08002ba0    0x20  system_stm32f3xx.o [1]
  .text              ro code  0x08002bc0    0x1e  cmain.o [5]
  .text              ro code  0x08002bde     0x4  low_level_init.o [3]
  .text              ro code  0x08002be2     0x4  exit.o [3]
  .text              ro code  0x08002be8     0xa  cexit.o [5]
  .text              ro code  0x08002bf4    0x14  exit.o [6]
  .rodata            const    0x08002c08    0x1c  main.o [1]
  .rodata            const    0x08002c24    0x1c  main.o [1]
  .rodata            const    0x08002c40    0x1c  main.o [1]
  .rodata            const    0x08002c5c    0x10  stm32f3xx_hal_rcc.o [1]
  .rodata            const    0x08002c6c    0x10  stm32f3xx_hal_rcc.o [1]
  .rodata            const    0x08002c7c    0x10  system_stm32f3xx.o [1]
  .text              ro code  0x08002c8c    0x10  startup_stm32f303xc.o [1]
  .rodata            const    0x08002c9c     0xc  main.o [1]
  .rodata            const    0x08002ca8     0xc  main.o [1]
  .rodata            const    0x08002cb4     0xc  main.o [1]
  .text              ro code  0x08002cc0     0xc  cstartup_M.o [5]
  .rodata            const    0x08002ccc     0x8  tasks.o [1]
  .text              ro code  0x08002cd4     0x4  startup_stm32f303xc.o [1]
  .text              ro code  0x08002cd8     0x4  startup_stm32f303xc.o [1]
  .text              ro code  0x08002cdc     0x4  startup_stm32f303xc.o [1]
  .text              ro code  0x08002ce0     0x4  startup_stm32f303xc.o [1]
  .text              ro code  0x08002ce4     0x4  startup_stm32f303xc.o [1]
  .text              ro code  0x08002ce8     0x4  startup_stm32f303xc.o [1]
  .text              ro code  0x08002cec     0x4  startup_stm32f303xc.o [1]
  .text              ro code  0x08002cf0     0x4  startup_stm32f303xc.o [1]
  .text              ro code  0x08002cf4     0x4  startup_stm32f303xc.o [1]
  .text              ro code  0x08002cf8     0x4  startup_stm32f303xc.o [1]
  .text              ro code  0x08002cfc     0x4  startup_stm32f303xc.o [1]
  .text              ro code  0x08002d00     0x4  startup_stm32f303xc.o [1]
  .text              ro code  0x08002d04     0x4  startup_stm32f303xc.o [1]
  .text              ro code  0x08002d08     0x4  startup_stm32f303xc.o [1]
  .text              ro code  0x08002d0c     0x4  startup_stm32f303xc.o [1]
  .text              ro code  0x08002d10     0x4  startup_stm32f303xc.o [1]
  .text              ro code  0x08002d14     0x4  startup_stm32f303xc.o [1]
  .text              ro code  0x08002d18     0x4  startup_stm32f303xc.o [1]
  .text              ro code  0x08002d1c     0x4  startup_stm32f303xc.o [1]
  .text              ro code  0x08002d20     0x4  startup_stm32f303xc.o [1]
  .text              ro code  0x08002d24     0x4  startup_stm32f303xc.o [1]
  .text              ro code  0x08002d28     0x4  startup_stm32f303xc.o [1]
  .text              ro code  0x08002d2c     0x4  startup_stm32f303xc.o [1]
  .text              ro code  0x08002d30     0x4  startup_stm32f303xc.o [1]
  .text              ro code  0x08002d34     0x4  startup_stm32f303xc.o [1]
  .text              ro code  0x08002d38     0x4  startup_stm32f303xc.o [1]
  .text              ro code  0x08002d3c     0x4  startup_stm32f303xc.o [1]
  .text              ro code  0x08002d40     0x4  startup_stm32f303xc.o [1]
  .text              ro code  0x08002d44     0x4  startup_stm32f303xc.o [1]
  .text              ro code  0x08002d48     0x4  startup_stm32f303xc.o [1]
  .text              ro code  0x08002d4c     0x4  startup_stm32f303xc.o [1]
  .text              ro code  0x08002d50     0x4  startup_stm32f303xc.o [1]
  .text              ro code  0x08002d54     0x4  startup_stm32f303xc.o [1]
  .text              ro code  0x08002d58     0x4  startup_stm32f303xc.o [1]
  .text              ro code  0x08002d5c     0x4  startup_stm32f303xc.o [1]
  .text              ro code  0x08002d60     0x4  startup_stm32f303xc.o [1]
  .text              ro code  0x08002d64     0x4  startup_stm32f303xc.o [1]
  .text              ro code  0x08002d68     0x4  startup_stm32f303xc.o [1]
  .text              ro code  0x08002d6c     0x4  startup_stm32f303xc.o [1]
  .text              ro code  0x08002d70     0x4  startup_stm32f303xc.o [1]
  .text              ro code  0x08002d74     0x4  startup_stm32f303xc.o [1]
  .text              ro code  0x08002d78     0x4  startup_stm32f303xc.o [1]
  .text              ro code  0x08002d7c     0x4  startup_stm32f303xc.o [1]
  .text              ro code  0x08002d80     0x4  startup_stm32f303xc.o [1]
  .text              ro code  0x08002d84     0x4  startup_stm32f303xc.o [1]
  .text              ro code  0x08002d88     0x4  startup_stm32f303xc.o [1]
  .text              ro code  0x08002d8c     0x4  startup_stm32f303xc.o [1]
  .text              ro code  0x08002d90     0x4  startup_stm32f303xc.o [1]
  .text              ro code  0x08002d94     0x4  startup_stm32f303xc.o [1]
  .text              ro code  0x08002d98     0x4  startup_stm32f303xc.o [1]
  .text              ro code  0x08002d9c     0x4  startup_stm32f303xc.o [1]
  .text              ro code  0x08002da0     0x4  startup_stm32f303xc.o [1]
  .text              ro code  0x08002da4     0x4  startup_stm32f303xc.o [1]
  .text              ro code  0x08002da8     0x4  startup_stm32f303xc.o [1]
  .text              ro code  0x08002dac     0x4  startup_stm32f303xc.o [1]
  .text              ro code  0x08002db0     0x4  startup_stm32f303xc.o [1]
  .text              ro code  0x08002db4     0x4  startup_stm32f303xc.o [1]
  .text              ro code  0x08002db8     0x4  startup_stm32f303xc.o [1]
  .text              ro code  0x08002dbc     0x4  startup_stm32f303xc.o [1]
  .text              ro code  0x08002dc0     0x4  startup_stm32f303xc.o [1]
  .text              ro code  0x08002dc4     0x4  startup_stm32f303xc.o [1]
  .text              ro code  0x08002dc8     0x4  startup_stm32f303xc.o [1]
  .text              ro code  0x08002dcc     0x4  startup_stm32f303xc.o [1]
  .text              ro code  0x08002dd0     0x4  startup_stm32f303xc.o [1]
  .text              ro code  0x08002dd4     0x4  startup_stm32f303xc.o [1]
  .text              ro code  0x08002dd8     0x4  startup_stm32f303xc.o [1]
  .rodata            const    0x08002ddc     0x0  zero_init3.o [5]
  .rodata            const    0x08002ddc     0x0  packbits_init_single.o [5]
  Initializer bytes  const    0x08002ddc    0x14  <for P2-1>
                            - 0x08002df0  0x2c68

"P2", part 1 of 3:                          0xd5
  P2-1                        0x20000000    0xd5  <Init block>
    .data            inited   0x20000000    0xc8  main.o [1]
    .data            inited   0x200000c8     0x4  port.o [1]
    .data            inited   0x200000cc     0x4  stm32f3xx_hal.o [1]
    .data            inited   0x200000d0     0x4  system_stm32f3xx.o [1]
    .data            inited   0x200000d4     0x1  stm32f3xx_hal.o [1]
                            - 0x200000d5    0xd5

"P2", part 2 of 3:                        0x133c
  .bss               zero     0x200000d8   0xc00  heap_1.o [1]
  .bss               zero     0x20000cd8   0x2ec  main.o [1]
  .bss               zero     0x20000fc4   0x200  freertos.o [1]
  .bss               zero     0x200011c4    0x8c  tasks.o [1]
  .bss               zero     0x20001250    0x64  main.o [1]
  .bss               zero     0x200012b4    0x54  freertos.o [1]
  .bss               zero     0x20001308    0x4c  main.o [1]
  .bss               zero     0x20001354    0x14  tasks.o [1]
  .bss               zero     0x20001368    0x14  tasks.o [1]
  .bss               zero     0x2000137c    0x14  tasks.o [1]
  .bss               zero     0x20001390    0x14  tasks.o [1]
  .bss               zero     0x200013a4    0x14  tasks.o [1]
  .bss               zero     0x200013b8     0x4  heap_1.o [1]
  .bss               zero     0x200013bc     0x4  heap_1.o [1]
  .bss               zero     0x200013c0     0x4  main.o [1]
  .bss               zero     0x200013c4     0x4  main.o [1]
  .bss               zero     0x200013c8     0x4  main.o [1]
  .bss               zero     0x200013cc     0x4  port.o [1]
  .bss               zero     0x200013d0     0x4  stm32f3xx_hal.o [1]
  .bss               zero     0x200013d4     0x4  tasks.o [1]
  .bss               zero     0x200013d8     0x4  tasks.o [1]
  .bss               zero     0x200013dc     0x4  tasks.o [1]
  .bss               zero     0x200013e0     0x4  tasks.o [1]
  .bss               zero     0x200013e4     0x4  tasks.o [1]
  .bss               zero     0x200013e8     0x4  tasks.o [1]
  .bss               zero     0x200013ec     0x4  tasks.o [1]
  .bss               zero     0x200013f0     0x4  tasks.o [1]
  .bss               zero     0x200013f4     0x4  tasks.o [1]
  .bss               zero     0x200013f8     0x4  tasks.o [1]
  .bss               zero     0x200013fc     0x4  tasks.o [1]
  .bss               zero     0x20001400     0x4  tasks.o [1]
  .bss               zero     0x20001404     0x4  tasks.o [1]
  .bss               zero     0x20001408     0x4  tasks.o [1]
  .bss               zero     0x2000140c     0x4  tasks.o [1]
  .bss               zero     0x20001410     0x1  main.o [1]
  .bss               zero     0x20001411     0x1  port.o [1]
                            - 0x20001412  0x133a

"P2", part 3 of 3:                         0x400
  CSTACK                      0x20001418   0x400  <Block>
    CSTACK           uninit   0x20001418   0x400  <Block tail>
                            - 0x20001818   0x400


*******************************************************************************
*** INIT TABLE
***

          Address     Size
          -------     ----
Zero (__iar_zero_init3)
    1 destination range, total size 0x133a:
          0x200000d8  0x133a

Copy/packbits (__iar_packbits_init_single3)
    1 source range, total size 0x14 (9% of destination):
          0x08002ddc    0x14
    1 destination range, total size 0xd5:
          0x20000000    0xd5



*******************************************************************************
*** MODULE SUMMARY
***

    Module                  ro code  ro data  rw data
    ------                  -------  -------  -------
C:\Users\xhh\Documents\CUBE-EXAMPLE\STM32F3-DISCOVERY-NONSTATIC\EWARM\STM32F3-DISCOVERY-NONSTATIC\Obj: [1]
    cmsis_os.o                  156
    freertos.o                   24               596
    heap_1.o                    136             3 080
    list.o                      154
    main.o                    1 196      138    1 137
    port.o                      556        1        9
    portasm.o                   176
    startup_stm32f303xc.o       672
    stm32f3xx_hal.o             152        1        9
    stm32f3xx_hal_cortex.o      300
    stm32f3xx_hal_gpio.o        504
    stm32f3xx_hal_i2c.o         204
    stm32f3xx_hal_i2c_ex.o      198
    stm32f3xx_hal_msp.o         396
    stm32f3xx_hal_pcd.o         340
    stm32f3xx_hal_rcc.o       2 652       32
    stm32f3xx_hal_rcc_ex.o      720
    stm32f3xx_hal_spi.o         212
    stm32f3xx_it.o               32
    stm32f3xx_ll_usb.o           54
    system_stm32f3xx.o           32       16        4
    tasks.o                   2 188        8      300
    -------------------------------------------------
    Total:                   11 054      196    5 135

command line: [2]
    -------------------------------------------------
    Total:

dl7M_tlf.a: [3]
    exit.o                        4
    low_level_init.o              4
    -------------------------------------------------
    Total:                        8

m7M_tls.a: [4]
    fpinit_M.o                   34
    -------------------------------------------------
    Total:                       34

rt7M_tl.a: [5]
    ABImemclr4.o                  6
    ABImemcpy.o                 134
    ABImemset48.o                50
    cexit.o                      10
    cmain.o                      30
    cstartup_M.o                 12
    data_init.o                  40
    packbits_init_single.o       56
    zero_init3.o                 64
    -------------------------------------------------
    Total:                      402

shb_l.a: [6]
    exit.o                       20
    -------------------------------------------------
    Total:                       20

    Gaps                         12        2
    Linker created                        32    1 024
-----------------------------------------------------
    Grand Total:             11 530      230    6 159


*******************************************************************************
*** ENTRY LIST
***

Entry                      Address   Size  Type      Object
-----                      -------   ----  ----      ------
.iar.init_table$$Base   0x08002b48          --   Gb  - Linker created -
.iar.init_table$$Limit  0x08002b68          --   Gb  - Linker created -
?main                   0x08002bc1         Code  Gb  cmain.o [5]
AHBPrescTable           0x08002c7c   0x10  Data  Gb  system_stm32f3xx.o [1]
BusFault_Handler        0x08002b6f    0x2  Code  Gb  stm32f3xx_it.o [1]
CSTACK$$Base            0x20001418          --   Gb  - Linker created -
CSTACK$$Limit           0x20001818          --   Gb  - Linker created -
DebugMon_Handler        0x08002b73    0x2  Code  Gb  stm32f3xx_it.o [1]
Error_Handler           0x08001eb7    0x2  Code  Gb  main.o [1]
HAL_GPIO_Init           0x08001eb9  0x1b8  Code  Gb  stm32f3xx_hal_gpio.o [1]
HAL_GPIO_WritePin       0x08002071   0x18  Code  Gb  stm32f3xx_hal_gpio.o [1]
HAL_GetTick             0x08000be5    0xc  Code  Wk  stm32f3xx_hal.o [1]
HAL_I2CEx_ConfigAnalogFilter
                        0x080025a1   0x64  Code  Gb  stm32f3xx_hal_i2c_ex.o [1]
HAL_I2CEx_ConfigDigitalFilter
                        0x08002605   0x62  Code  Gb  stm32f3xx_hal_i2c_ex.o [1]
HAL_I2C_Init            0x080024d5   0xcc  Code  Gb  stm32f3xx_hal_i2c.o [1]
HAL_I2C_MspInit         0x080028c7   0x66  Code  Gb  stm32f3xx_hal_msp.o [1]
HAL_IncTick             0x08002b89   0x18  Code  Wk  stm32f3xx_hal.o [1]
HAL_Init                0x080020b1   0x22  Code  Gb  stm32f3xx_hal.o [1]
HAL_InitTick            0x08000bf1   0x4c  Code  Wk  stm32f3xx_hal.o [1]
HAL_MspInit             0x08002891   0x36  Code  Gb  stm32f3xx_hal_msp.o [1]
HAL_NVIC_SetPriority    0x08000d15   0x2a  Code  Gb  stm32f3xx_hal_cortex.o [1]
HAL_NVIC_SetPriorityGrouping
                        0x08000d09    0xc  Code  Gb  stm32f3xx_hal_cortex.o [1]
HAL_PCD_Init            0x0800273d  0x154  Code  Gb  stm32f3xx_hal_pcd.o [1]
HAL_PCD_MspInit         0x08002995   0x6a  Code  Gb  stm32f3xx_hal_msp.o [1]
HAL_RCCEx_PeriphCLKConfig
                        0x08002205  0x2ae  Code  Gb  stm32f3xx_hal_rcc_ex.o [1]
HAL_RCC_ClockConfig     0x08000935  0x1f8  Code  Gb  stm32f3xx_hal_rcc.o [1]
HAL_RCC_GetSysClockFreq
                        0x08000b2d   0x70  Code  Gb  stm32f3xx_hal_rcc.o [1]
HAL_RCC_OscConfig       0x08000189  0x7ac  Code  Gb  stm32f3xx_hal_rcc.o [1]
HAL_SPI_Init            0x08002669   0xd4  Code  Gb  stm32f3xx_hal_spi.o [1]
HAL_SPI_MspInit         0x0800292d   0x68  Code  Gb  stm32f3xx_hal_msp.o [1]
HAL_SYSTICK_Config      0x08000d3f    0xc  Code  Gb  stm32f3xx_hal_cortex.o [1]
HardFault_Handler       0x08002b6b    0x2  Code  Gb  stm32f3xx_it.o [1]
MX_GPIO_Init            0x08001c9f   0xd8  Code  Lc  main.o [1]
MX_I2C1_Init            0x08001b95   0x68  Code  Lc  main.o [1]
MX_SPI1_Init            0x08001bfd   0x6c  Code  Lc  main.o [1]
MX_USB_PCD_Init         0x08001c69   0x36  Code  Lc  main.o [1]
MemManage_Handler       0x08002b6d    0x2  Code  Gb  stm32f3xx_it.o [1]
NMI_Handler             0x08002b69    0x2  Code  Gb  stm32f3xx_it.o [1]
NVIC_EncodePriority     0x08000c97   0x42  Code  Lc  stm32f3xx_hal_cortex.o [1]
PendSV_Handler          0x0800195d         Code  Gb  portasm.o [1]
Region$$Table$$Base     0x08002b48          --   Gb  - Linker created -
Region$$Table$$Limit    0x08002b68          --   Gb  - Linker created -
SVC_Handler             0x080019b5         Code  Gb  portasm.o [1]
StartDefaultTask        0x08001d77    0xe  Code  Gb  main.o [1]
StartTask02             0x08001d85   0xd8  Code  Gb  main.o [1]
StartTask02{1}{2}::ledDisPlay
                        0x20001410    0x1  Data  Lc  main.o [1]
StartTask03             0x08001ea9    0xe  Code  Gb  main.o [1]
SysTick_Config          0x08000cd9   0x30  Code  Lc  stm32f3xx_hal_cortex.o [1]
SysTick_Handler         0x08002b75   0x14  Code  Gb  stm32f3xx_it.o [1]
SystemClock_Config      0x08001afd   0x98  Code  Gb  main.o [1]
SystemCoreClock         0x200000d0    0x4  Data  Gb  system_stm32f3xx.o [1]
SystemInit              0x08002ba1   0x16  Code  Gb  system_stm32f3xx.o [1]
USB_DevInit             0x08002a63   0x22  Code  Gb  stm32f3xx_ll_usb.o [1]
USB_DisableGlobalInt    0x08002a4f   0x14  Code  Gb  stm32f3xx_ll_usb.o [1]
UsageFault_Handler      0x08002b71    0x2  Code  Gb  stm32f3xx_it.o [1]
__NVIC_GetPriorityGrouping
                        0x08000c5f    0xc  Code  Lc  stm32f3xx_hal_cortex.o [1]
__NVIC_SetPriority      0x08000c6b   0x2c  Code  Lc  stm32f3xx_hal_cortex.o [1]
__NVIC_SetPriorityGrouping
                        0x08000c3d   0x22  Code  Lc  stm32f3xx_hal_cortex.o [1]
__aeabi_memclr4         0x080021fd         Code  Gb  ABImemclr4.o [5]
__aeabi_memcpy4         0x080020d9         Code  Gb  ABImemcpy.o [5]
__aeabi_memcpy8         0x080020d9         Code  Gb  ABImemcpy.o [5]
__cmain                 0x08002bc1         Code  Gb  cmain.o [5]
__exit                  0x08002bf5   0x14  Code  Gb  exit.o [6]
__iar_Memset4_word      0x08002a1d         Code  Gb  ABImemset48.o [5]
__iar_Memset8_word      0x08002a1d         Code  Gb  ABImemset48.o [5]
__iar_data_init3        0x08002afd   0x28  Code  Gb  data_init.o [5]
__iar_init_vfp          0x08002b25         Code  Gb  fpinit_M.o [4]
__iar_packbits_init_single3
                        0x08002ac5   0x38  Code  Gb  packbits_init_single.o [5]
__iar_program_start     0x08002cc1         Code  Gb  cstartup_M.o [5]
__iar_systems$$module {Abs}
                        0x00000001         Data  Gb  command line/config [2]
__iar_zero_init3        0x08002a85   0x40  Code  Gb  zero_init3.o [5]
__low_level_init        0x08002bdf    0x4  Code  Gb  low_level_init.o [3]
__vector_table          0x08000000         Data  Gb  startup_stm32f303xc.o [1]
_call_main              0x08002bcd         Code  Gb  cmain.o [5]
_exit                   0x08002be9         Code  Gb  cexit.o [5]
_main                   0x08002bdb         Code  Gb  cmain.o [5]
aPLLMULFactorTable      0x08002c5c   0x10  Data  Gb  stm32f3xx_hal_rcc.o [1]
aPredivFactorTable      0x08002c6c   0x10  Data  Gb  stm32f3xx_hal_rcc.o [1]
defaultTaskHandle       0x200013c0    0x4  Data  Gb  main.o [1]
exit                    0x08002be3    0x4  Code  Gb  exit.o [3]
hi2c1                   0x20001308   0x4c  Data  Gb  main.o [1]
hpcd_USB_FS             0x20000cd8  0x2ec  Data  Gb  main.o [1]
hspi1                   0x20001250   0x64  Data  Gb  main.o [1]
main                    0x08001a7f   0x7e  Code  Gb  main.o [1]
main::usTestValue       0x20000000   0xc8  Data  Lc  main.o [1]
makeFreeRtosPriority    0x08002161   0x16  Code  Lc  cmsis_os.o [1]
myTask02Handle          0x200013c4    0x4  Data  Gb  main.o [1]
myTask03Handle          0x200013c8    0x4  Data  Gb  main.o [1]
osDelay                 0x080021e1   0x1c  Code  Gb  cmsis_os.o [1]
osKernelStart           0x08002177    0xa  Code  Gb  cmsis_os.o [1]
osThreadCreate          0x08002181   0x60  Code  Gb  cmsis_os.o [1]
prvAddCurrentTaskToDelayedList
                        0x08001535   0x7e  Code  Lc  tasks.o [1]
prvAddNewTaskToReadyList
                        0x08000f45   0xba  Code  Lc  tasks.o [1]
prvCheckTasksWaitingTermination
                        0x08001429   0x4a  Code  Lc  tasks.o [1]
prvDeleteTCB            0x08001473   0x44  Code  Lc  tasks.o [1]
prvIdleTask             0x080013a5   0x26  Code  Lc  tasks.o [1]
prvInitialiseNewTask    0x08000e7f   0xc6  Code  Lc  tasks.o [1]
prvInitialiseTaskLists  0x080013d1   0x58  Code  Lc  tasks.o [1]
prvResetNextTaskUnblockTime
                        0x080014b7   0x2e  Code  Lc  tasks.o [1]
prvTaskExitError        0x08001741   0x2a  Code  Lc  port.o [1]
pvPortMalloc            0x080015f5   0x66  Code  Gb  heap_1.o [1]
pvPortMalloc::pucAlignedHeap
                        0x200013bc    0x4  Data  Lc  heap_1.o [1]
pxCurrentTCB            0x200013d4    0x4  Data  Gb  tasks.o [1]
pxDelayedTaskList       0x200013d8    0x4  Data  Lc  tasks.o [1]
pxOverflowDelayedTaskList
                        0x200013dc    0x4  Data  Lc  tasks.o [1]
pxPortInitialiseStack   0x08001719   0x28  Code  Gb  port.o [1]
pxReadyTasksLists       0x200011c4   0x8c  Data  Lc  tasks.o [1]
ucHeap                  0x200000d8  0xc00  Data  Lc  heap_1.o [1]
ucMaxSysCallPriority    0x20001411    0x1  Data  Lc  port.o [1]
ulMaxPRIGROUPValue      0x200013cc    0x4  Data  Lc  port.o [1]
uwTick                  0x200013d0    0x4  Data  Gb  stm32f3xx_hal.o [1]
uwTickFreq              0x200000d4    0x1  Data  Gb  stm32f3xx_hal.o [1]
uwTickPrio              0x200000cc    0x4  Data  Gb  stm32f3xx_hal.o [1]
uxCriticalNesting       0x200000c8    0x4  Data  Lc  port.o [1]
uxCurrentNumberOfTasks  0x200013e4    0x4  Data  Lc  tasks.o [1]
uxDeletedTasksWaitingCleanUp
                        0x200013e0    0x4  Data  Lc  tasks.o [1]
uxListRemove            0x080016ef   0x28  Code  Gb  list.o [1]
uxPendedTicks           0x200013f4    0x4  Data  Lc  tasks.o [1]
uxSchedulerSuspended    0x2000140c    0x4  Data  Lc  tasks.o [1]
uxTaskNumber            0x20001400    0x4  Data  Lc  tasks.o [1]
uxTopReadyPriority      0x200013ec    0x4  Data  Lc  tasks.o [1]
vApplicationGetIdleTaskMemory
                        0x08001945   0x18  Code  Gb  freertos.o [1]
vListInitialise         0x0800167d   0x1e  Code  Gb  list.o [1]
vListInitialiseItem     0x0800169b    0x6  Code  Gb  list.o [1]
vListInsert             0x080016b9   0x36  Code  Gb  list.o [1]
vListInsertEnd          0x080016a1   0x18  Code  Gb  list.o [1]
vOffAllLed              0x08001a0d   0x72  Code  Lc  main.o [1]
vPortEnableVFP          0x080019f1         Code  Gb  portasm.o [1]
vPortEnterCritical      0x08001851   0x3a  Code  Gb  port.o [1]
vPortExitCritical       0x0800188b   0x32  Code  Gb  port.o [1]
vPortFree               0x0800165b   0x16  Code  Gb  heap_1.o [1]
vPortStartFirstTask     0x080019d1         Code  Gb  portasm.o [1]
vTaskDelay              0x08000fff   0x4e  Code  Gb  tasks.o [1]
vTaskStartScheduler     0x0800104d   0x94  Code  Gb  tasks.o [1]
vTaskSuspendAll         0x080010e1   0x10  Code  Gb  tasks.o [1]
vTaskSwitchContext      0x0800131d   0x6e  Code  Gb  tasks.o [1]
xDelayedTaskList1       0x20001354   0x14  Data  Lc  tasks.o [1]
xDelayedTaskList2       0x20001368   0x14  Data  Lc  tasks.o [1]
xIdleStack              0x20000fc4  0x200  Data  Lc  freertos.o [1]
xIdleTaskHandle         0x20001408    0x4  Data  Lc  tasks.o [1]
xIdleTaskTCBBuffer      0x200012b4   0x54  Data  Lc  freertos.o [1]
xNextFreeByte           0x200013b8    0x4  Data  Lc  heap_1.o [1]
xNextTaskUnblockTime    0x20001404    0x4  Data  Lc  tasks.o [1]
xNumOfOverflows         0x200013fc    0x4  Data  Lc  tasks.o [1]
xPendingReadyList       0x2000137c   0x14  Data  Lc  tasks.o [1]
xPortStartScheduler     0x0800176b   0xe6  Code  Gb  port.o [1]
xPortSysTickHandler     0x080018bd   0x28  Code  Gb  port.o [1]
xSchedulerRunning       0x200013f0    0x4  Data  Lc  tasks.o [1]
xSuspendedTaskList      0x200013a4   0x14  Data  Lc  tasks.o [1]
xTaskCreate             0x08000e05   0x7a  Code  Gb  tasks.o [1]
xTaskCreateStatic       0x08000d69   0x9c  Code  Gb  tasks.o [1]
xTaskGetSchedulerState  0x080014e9   0x20  Code  Gb  tasks.o [1]
xTaskIncrementTick      0x080011f1  0x12c  Code  Gb  tasks.o [1]
xTaskResumeAll          0x080010f1  0x100  Code  Gb  tasks.o [1]
xTasksWaitingTermination
                        0x20001390   0x14  Data  Lc  tasks.o [1]
xTickCount              0x200013e8    0x4  Data  Lc  tasks.o [1]
xYieldPending           0x200013f8    0x4  Data  Lc  tasks.o [1]


[1] = C:\Users\xhh\Documents\CUBE-EXAMPLE\STM32F3-DISCOVERY-NONSTATIC\EWARM\STM32F3-DISCOVERY-NONSTATIC\Obj
[2] = command line
[3] = dl7M_tlf.a
[4] = m7M_tls.a
[5] = rt7M_tl.a
[6] = shb_l.a

  11 530 bytes of readonly  code memory
     230 bytes of readonly  data memory
   6 159 bytes of readwrite data memory

Errors: none
Warnings: none
